src/components/app-tabs.tsx(9,25): error TS2367: This comparison appears to be unintentional because the types 'ColorSchemeName' and '"unspecified"' have no overlap.
src/components/app-tabs.tsx(9,25): error TS2538: Type 'null' cannot be used as an index type.
src/components/app-tabs.tsx(9,25): error TS2538: Type 'undefined' cannot be used as an index type.
src/components/app-tabs.tsx(17,29): error TS2339: Property 'Label' does not exist on type '((props: NativeTabTriggerProps) => null) & { TabBar: (props: NativeTabsTriggerTabBarProps) => ReactNode; }'.
src/components/app-tabs.tsx(17,60): error TS2339: Property 'Label' does not exist on type '((props: NativeTabTriggerProps) => null) & { TabBar: (props: NativeTabsTriggerTabBarProps) => ReactNode; }'.
src/components/app-tabs.tsx(18,29): error TS2339: Property 'Icon' does not exist on type '((props: NativeTabTriggerProps) => null) & { TabBar: (props: NativeTabsTriggerTabBarProps) => ReactNode; }'.
src/components/app-tabs.tsx(25,29): error TS2339: Property 'Label' does not exist on type '((props: NativeTabTriggerProps) => null) & { TabBar: (props: NativeTabsTriggerTabBarProps) => ReactNode; }'.
src/components/app-tabs.tsx(25,63): error TS2339: Property 'Label' does not exist on type '((props: NativeTabTriggerProps) => null) & { TabBar: (props: NativeTabsTriggerTabBarProps) => ReactNode; }'.
src/components/app-tabs.tsx(26,29): error TS2339: Property 'Icon' does not exist on type '((props: NativeTabTriggerProps) => null) & { TabBar: (props: NativeTabsTriggerTabBarProps) => ReactNode; }'.
src/components/app-tabs.web.tsx(53,25): error TS2367: This comparison appears to be unintentional because the types 'ColorSchemeName' and '"unspecified"' have no overlap.
src/components/app-tabs.web.tsx(53,25): error TS2538: Type 'null' cannot be used as an index type.
src/components/app-tabs.web.tsx(53,25): error TS2538: Type 'undefined' cannot be used as an index type.
src/components/app-tabs.web.tsx(69,15): error TS2322: Type '{ ios: string; web: string; }' is not assignable to type 'SFSymbols7_0'.
src/components/ui/collapsible.tsx(22,13): error TS2322: Type '{ ios: string; android: string; web: string; }' is not assignable to type 'SFSymbols7_0'.
src/components/ui/expense-item.tsx(43,17): error TS2339: Property 'dateLabel' does not exist on type 'Transaction'.
src/components/ui/expense-item.tsx(45,17): error TS2551: Property 'category' does not exist on type 'Transaction'. Did you mean 'categoryId'?
src/features/dashboard/mock-dashboard.ts(5,3): error TS2353: Object literal may only specify known properties, and 'fixedExpenses' does not exist in type 'DashboardSnapshot'.
src/hooks/use-theme.ts(11,17): error TS2367: This comparison appears to be unintentional because the types 'ColorSchemeName' and '"unspecified"' have no overlap.
src/hooks/use-theme.ts(13,17): error TS2538: Type 'null' cannot be used as an index type.
src/hooks/use-theme.ts(13,17): error TS2538: Type 'undefined' cannot be used as an index type.
src/shared/components/category-selector.tsx(121,5): error TS2345: Argument of type '{ container: { marginBottom: number; }; label: { marginBottom: number; fontSize: 14; lineHeight: 20; fontWeight: "600"; letterSpacing: 0; }; scrollView: { flexGrow: number; }; grid: { flexDirection: "row"; gap: number; paddingRight: number; }; ... 5 more ...; categoryNameSelected: { ...; }; }' is not assignable to parameter of type '{ container: { marginBottom: number; }; label: { marginBottom: number; fontSize: 14; lineHeight: 20; fontWeight: "600"; letterSpacing: 0; }; scrollView: { flexGrow: number; }; grid: { flexDirection: "row"; gap: number; paddingRight: number; }; ... 5 more ...; categoryNameSelected: { ...; }; } & NamedStyles<...>'.
  Property 'categoryIcon' is incompatible with index signature.
    Object literal may only specify known properties, and 'transition' does not exist in type 'ViewStyle | TextStyle | ImageStyle'.
src/shared/database/repositories.ts(96,28): error TS2347: Untyped function calls may not accept type arguments.
src/shared/database/repositories.ts(240,29): error TS2347: Untyped function calls may not accept type arguments.
src/shared/database/repositories.ts(267,28): error TS2347: Untyped function calls may not accept type arguments.
src/shared/database/repositories.ts(304,29): error TS2347: Untyped function calls may not accept type arguments.
src/shared/design/typography.ts(117,27): error TS1355: A 'const' assertions can only be applied to references to enum members, or string, number, boolean, array, or object literals.
src/shared/financial/logic.ts(45,3): error TS2300: Duplicate identifier 'savingsPercentage'.
src/shared/financial/logic.ts(49,3): error TS2300: Duplicate identifier 'savingsPercentage'.
src/shared/utils/haptics.ts(13,26): error TS2307: Cannot find module 'expo-haptics' or its corresponding type declarations.
